============================= test session starts =============================
platform win32 -- Python 3.14.0, pytest-9.1.1, pluggy-1.6.0 -- C:\Users\Nikita\AppData\Local\Python\pythoncore-3.14-64\python.exe
cachedir: .pytest_cache
rootdir: D:\spa-warehouse
configfile: pytest.ini
testpaths: tests
plugins: anyio-4.15.1
collecting ... collected 88 items

tests/test_forecast.py::test_round_order_qty[15.52-5-10-20.0] PASSED     [  1%]
tests/test_forecast.py::test_round_order_qty[3.0-5-10-10.0] PASSED       [  2%]
tests/test_forecast.py::test_round_order_qty[10.0-5-10-10.0] PASSED      [  3%]
tests/test_forecast.py::test_round_order_qty[10.01-5-10-15.0] PASSED     [  4%]
tests/test_forecast.py::test_round_order_qty[36.014-1-5-37.0] PASSED     [  5%]
tests/test_forecast.py::test_round_order_qty[1.0-1-5-5.0] PASSED         [  6%]
tests/test_forecast.py::test_round_order_qty[120.0-50-100-150.0] PASSED  [  7%]
tests/test_forecast.py::test_round_order_qty[230.0-100-200-300.0] PASSED [  9%]
tests/test_forecast.py::test_round_order_qty[150.0-100-150-200.0] PASSED [ 10%]
tests/test_forecast.py::test_round_order_qty[0.0-5-10-0.0] PASSED        [ 11%]
tests/test_forecast.py::test_round_order_qty[-4.0-1-5-0.0] PASSED        [ 12%]
tests/test_forecast.py::test_round_order_qty_float_noise PASSED          [ 13%]
tests/test_forecast.py::test_fill_gaps_interpolates PASSED               [ 14%]
tests/test_forecast.py::test_level_shift_detected_for_scrub PASSED       [ 15%]
tests/test_forecast.py::test_gradual_trend_is_not_level_shift PASSED     [ 17%]
tests/test_forecast.py::test_single_spike_is_outlier PASSED              [ 18%]
tests/test_forecast.py::test_forecast_contract_and_rounding PASSED       [ 19%]
tests/test_forecast.py::test_forecast_is_deterministic PASSED            [ 20%]
tests/test_forecast.py::test_confidence_lower_for_short_history PASSED   [ 21%]
tests/test_forecast.py::test_confidence_lower_for_volatile_series PASSED [ 22%]
tests/test_forecast.py::test_missing_week_lowers_confidence PASSED       [ 23%]
tests/test_forecast.py::test_load_factor_scales_demand PASSED            [ 25%]
tests/test_forecast.py::test_no_history_returns_empty PASSED             [ 26%]
tests/test_forecast.py::test_level_shift_policies_differ PASSED          [ 27%]
tests/test_normalize.py::test_parse_date_formats[05.03.2026 \u043f\u0440\u0438\u0445\u043e\u0434-2026-03-05] PASSED [ 28%]
tests/test_normalize.py::test_parse_date_formats[1 \u043c\u0430\u0440\u0442\u0430 2026 \u0440\u0430\u0441\u0445\u043e\u0434-2026-03-01] PASSED [ 29%]
tests/test_normalize.py::test_parse_date_formats[\u0412\u043e\u0437\u0432\u0440\u0430\u0442 12 \u043c\u0430\u0440\u0442\u0430 2026 \u0433.: \u0442\u043e\u0432\u0430\u0440-2026-03-12] PASSED [ 30%]
tests/test_normalize.py::test_parse_date_formats[03/06/26 \u0421\u043e\u0447\u0438-2026-03-06] PASSED [ 31%]
tests/test_normalize.py::test_parse_date_formats[2026-03-08; MS-01-2026-03-08] PASSED [ 32%]
tests/test_normalize.py::test_parse_date_formats[07.03.26 ms-02-2026-03-07] PASSED [ 34%]
tests/test_normalize.py::test_parse_date_formats[31.02.2026 \u043d\u0435\u043a\u043e\u0440\u0440\u0435\u043a\u0442\u043d\u0430\u044f \u0434\u0430\u0442\u0430-None] PASSED [ 35%]
tests/test_normalize.py::test_parse_date_formats[\u0431\u0435\u0437 \u0434\u0430\u0442\u044b-None] PASSED [ 36%]
tests/test_normalize.py::test_convert_to_base[450-\u043c\u043b-\u043b-0.45] PASSED [ 37%]
tests/test_normalize.py::test_convert_to_base[3.5-\u043a\u0433-\u043a\u0433-3.5] PASSED [ 38%]
tests/test_normalize.py::test_convert_to_base[1200-\u0433-\u043a\u0433-1.2] PASSED [ 39%]
tests/test_normalize.py::test_convert_to_base[2-\u043b\u0438\u0442\u0440\u0430-\u043b-2.0] PASSED [ 40%]
tests/test_normalize.py::test_convert_to_base[48-\u043f\u0430\u0440-\u043f\u0430\u0440-48.0] PASSED [ 42%]
tests/test_normalize.py::test_convert_to_base[5-\u043a\u0433-\u043b-None] PASSED [ 43%]
tests/test_normalize.py::test_parse_quantity[450 \u043c\u043b-OIL-001-0.45-\u043b] PASSED [ 44%]
tests/test_normalize.py::test_parse_quantity[3,5\u043a\u0433-WRAP-030-3.5-\u043a\u0433] PASSED [ 45%]
tests/test_normalize.py::test_parse_quantity[1,2 \u043a\u0433-SCRB-020-1.2-\u043a\u0433] PASSED [ 46%]
tests/test_normalize.py::test_parse_quantity[2 \u043a\u0430\u043d\u0438\u0441\u0442\u0440\u044b \u043f\u043e 5 \u043b-OIL-001-10.0-\u043b] PASSED [ 47%]
tests/test_normalize.py::test_parse_quantity[4 \u0443\u043f. \u043f\u043e 50 \u043f\u0430\u0440-CONS-051-200.0-\u043f\u0430\u0440] PASSED [ 48%]
tests/test_normalize.py::test_parse_quantity[3 \u0443\u043f.-CONS-052-300.0-\u0448\u0442] PASSED [ 50%]
tests/test_normalize.py::test_parse_quantity[: \u2212120 \u0448\u0442-CONS-052--120.0-\u0448\u0442] PASSED [ 51%]
tests/test_normalize.py::test_dash_is_not_minus PASSED                   [ 52%]
tests/test_normalize.py::test_parse_sku_spellings[OIL-001] PASSED        [ 53%]
tests/test_normalize.py::test_parse_sku_spellings[oil 001] PASSED        [ 54%]
tests/test_normalize.py::test_parse_sku_spellings[\xaboil 001\xbb] PASSED [ 55%]
tests/test_normalize.py::test_parse_sku_spellings[Oil_001] PASSED        [ 56%]
tests/test_normalize.py::test_parse_operation[\u043f\u0440\u0438\u0445\u043e\u0434 \u0442\u043e\u0432\u0430\u0440\u0430-receipt] PASSED [ 57%]
tests/test_normalize.py::test_parse_operation[\u0440\u0430\u0441\u0445\u043e\u0434-consume] PASSED [ 59%]
tests/test_normalize.py::test_parse_operation[\u0441\u043f\u0438\u0441\u0430\u043d\u0438\u0435, \u0438\u0441\u0442\u0451\u043a \u0441\u0440\u043e\u043a-writeoff] PASSED [ 60%]
tests/test_normalize.py::test_parse_operation[\u0412\u043e\u0437\u0432\u0440\u0430\u0442, \u0431\u0440\u0430\u043a \u0443\u043f\u0430\u043a\u043e\u0432\u043a\u0438-return] PASSED [ 61%]
tests/test_normalize.py::test_parse_operation[\u041a\u043e\u0440\u0440\u0435\u043a\u0442\u0438\u0440\u043e\u0432\u043a\u0430 \u043e\u0441\u0442\u0430\u0442\u043a\u043e\u0432-correction] PASSED [ 62%]
tests/test_normalize.py::test_parse_operation[\u043f\u0440\u043e\u0441\u0442\u043e \u0442\u0435\u043a\u0441\u0442-None] PASSED [ 63%]
tests/test_normalize.py::test_all_movements_match_expected PASSED        [ 64%]
tests/test_normalize.py::test_missing_fields_are_none PASSED             [ 65%]
tests/test_normalize.py::test_sku_by_name_ambiguous_returns_none PASSED  [ 67%]
tests/test_qa.py::test_extract_period[\u043d\u0430 \u0442\u0440\u0438 \u043c\u0435\u0441\u044f\u0446\u0430-90] PASSED [ 68%]
tests/test_qa.py::test_extract_period[\u0432 \u0431\u043b\u0438\u0436\u0430\u0439\u0448\u0438\u0435 14 \u0434\u043d\u0435\u0439-14] PASSED [ 69%]
tests/test_qa.py::test_extract_period[\u043d\u0430 \u043a\u0432\u0430\u0440\u0442\u0430\u043b-90] PASSED [ 70%]
tests/test_qa.py::test_extract_period[\u043d\u0430 \u043f\u043e\u043b\u0433\u043e\u0434\u0430-180] PASSED [ 71%]
tests/test_qa.py::test_extract_period[\u0437\u0430 \u043c\u0435\u0441\u044f\u0446-30] PASSED [ 72%]
tests/test_qa.py::test_extract_period[\u0432 \u044d\u0442\u043e\u043c \u043c\u0435\u0441\u044f\u0446\u0435-15] PASSED [ 73%]
tests/test_qa.py::test_extract_period[\u0431\u0435\u0437 \u043f\u0435\u0440\u0438\u043e\u0434\u0430-None] PASSED [ 75%]
tests/test_qa.py::test_extract_budget_and_load PASSED                    [ 76%]
tests/test_qa.py::test_intents[\u0421\u043a\u043e\u043b\u044c\u043a\u043e \u043c\u0430\u0441\u043b\u0430 \u0437\u0430\u043a\u0443\u043f\u0438\u0442\u044c \u043d\u0430 \u0442\u0440\u0438 \u043c\u0435\u0441\u044f\u0446\u0430 \u0438 \u0441\u043a\u043e\u043b\u044c\u043a\u043e \u044d\u0442\u043e \u0431\u0443\u0434\u0435\u0442 \u0441\u0442\u043e\u0438\u0442\u044c?-unknown] PASSED [ 77%]
tests/test_qa.py::test_intents[\u0421\u043a\u043e\u043b\u044c\u043a\u043e \u0431\u0430\u0437\u043e\u0432\u043e\u0433\u043e \u043c\u0430\u0441\u043b\u0430 \u0437\u0430\u043a\u0443\u043f\u0438\u0442\u044c \u043d\u0430 \u0442\u0440\u0438 \u043c\u0435\u0441\u044f\u0446\u0430?-forecast_purchase] PASSED [ 78%]
tests/test_qa.py::test_intents[\u0427\u0442\u043e \u043d\u0443\u0436\u043d\u043e \u0437\u0430\u043a\u0430\u0437\u0430\u0442\u044c \u0432 \u0431\u043b\u0438\u0436\u0430\u0439\u0448\u0438\u0435 14 \u0434\u043d\u0435\u0439?-reorder_list] PASSED [ 79%]
tests/test_qa.py::test_intents[\u041a\u0430\u043a\u043e\u0439 \u0431\u044e\u0434\u0436\u0435\u0442 \u0437\u0430\u043a\u0443\u043f\u043e\u043a \u043d\u0430 \u043a\u0432\u0430\u0440\u0442\u0430\u043b?-budget] PASSED [ 80%]
tests/test_qa.py::test_intents[\u0427\u0442\u043e \u0437\u0430\u043a\u043e\u043d\u0447\u0438\u0442\u0441\u044f \u0434\u043e \u0441\u043b\u0435\u0434\u0443\u044e\u0449\u0435\u0439 \u043f\u043e\u0441\u0442\u0430\u0432\u043a\u0438 \u0432 \u0421\u043e\u0447\u0438?-deficit_risk] PASSED [ 81%]
tests/test_qa.py::test_intents[\u041a\u0430\u043a\u0438\u0435 \u043f\u0430\u0440\u0442\u0438\u0438 \u0441\u0433\u043e\u0440\u044f\u0442 \u0432 \u044d\u0442\u043e\u043c \u043c\u0435\u0441\u044f\u0446\u0435?-expiry_risk] PASSED [ 82%]
tests/test_qa.py::test_intents[\u041d\u0430\u0441\u043a\u043e\u043b\u044c\u043a\u043e \u043f\u043e\u0434\u043e\u0440\u043e\u0436\u0430\u043b\u043e \u0430\u0440\u043e\u043c\u0430\u0442\u0438\u0447\u0435\u0441\u043a\u043e\u0435 \u043c\u0430\u0441\u043b\u043e \u0443 \u043f\u043e\u0441\u0442\u0430\u0432\u0449\u0438\u043a\u0430?-price_dynamics] PASSED [ 84%]
tests/test_qa.py::test_intents[\u0417\u0430\u043a\u0430\u0437\u0430\u0442\u044c \u043c\u0430\u0441\u043b\u043e-unknown] PASSED [ 85%]
tests/test_qa.py::test_intents[\u0421\u043a\u043e\u043b\u044c\u043a\u043e \u044d\u0442\u043e \u0431\u0443\u0434\u0435\u0442 \u0441\u0442\u043e\u0438\u0442\u044c?-unknown] PASSED [ 86%]
tests/test_qa.py::test_intents[\u041a\u0430\u043a\u0430\u044f \u043f\u043e\u0433\u043e\u0434\u0430 \u0432 \u0421\u043e\u0447\u0438 \u043d\u0430 \u0432\u044b\u0445\u043e\u0434\u043d\u044b\u0445?-unknown] PASSED [ 87%]
tests/test_qa.py::test_missing_period_asks_clarification PASSED          [ 88%]
tests/test_qa.py::test_ambiguous_name_returns_unknown[\u0421\u043a\u043e\u043b\u044c\u043a\u043e \u043c\u0430\u0441\u043b\u0430 \u0437\u0430\u043a\u0443\u043f\u0438\u0442\u044c \u043d\u0430 \u0442\u0440\u0438 \u043c\u0435\u0441\u044f\u0446\u0430 \u0438 \u0441\u043a\u043e\u043b\u044c\u043a\u043e \u044d\u0442\u043e \u0431\u0443\u0434\u0435\u0442 \u0441\u0442\u043e\u0438\u0442\u044c?] PASSED [ 89%]
tests/test_qa.py::test_ambiguous_name_returns_unknown[\u0421\u043a\u043e\u043b\u044c\u043a\u043e \u043c\u0430\u0441\u043b\u0430 \u0443\u0439\u0434\u0451\u0442 \u0437\u0430 \u043c\u0435\u0441\u044f\u0446, \u0435\u0441\u043b\u0438 \u0437\u0430\u0433\u0440\u0443\u0437\u043a\u0430 \u0432\u044b\u0440\u0430\u0441\u0442\u0435\u0442 \u043d\u0430 20%?] PASSED [ 90%]
tests/test_qa.py::test_location_without_data_is_flagged PASSED           [ 92%]
tests/test_qa.py::test_location_with_data_is_not_flagged PASSED          [ 93%]
tests/test_qa.py::test_flags_are_independent PASSED                      [ 94%]
tests/test_qa.py::test_answer_numbers_come_from_forecast PASSED          [ 95%]
tests/test_qa.py::test_budget_total_equals_sum_of_forecasts PASSED       [ 96%]
tests/test_qa.py::test_single_sku_answer_is_grounded PASSED              [ 97%]
tests/test_qa.py::test_llm_number_guard PASSED                           [ 98%]
tests/test_qa.py::test_llm_path_rejects_invented_numbers PASSED          [100%]

============================= 88 passed in 0.34s ==============================
